Microchip MPLAB XC8 Compiler V1.30 ()

Linker command line:

--edf=C:\Program Files (x86)\Microchip\xc8\v1.30\dat\en_msgs.txt -cs \
  -h+dist/UseXC8/debug\PIC_Framework_3.X.debug.sym \
  --cmf=dist/UseXC8/debug\PIC_Framework_3.X.debug.cmf -z -Q18F45J10 \
  -oC:\Users\Carl\AppData\Local\Temp\s6mc.6 \
  -Mdist/UseXC8/debug/PIC_Framework_3.X.debug.map -E1 -ver=XC8 \
  -ASTACK=0236h-03ffh -pstack=STACK -ACODE=00h-07FF7h -ACONST=00h-07FF7h \
  -ASMALLCONST=0400h-04FFhx123,07F00h-07FF7h -AMEDIUMCONST=0400h-07FF7h \
  -ACOMRAM=01h-07Fh -AABS1=00h-03FFh -ABIGRAM=01h-03FFh \
  -ARAM=080h-0FFh,0100h-01FFhx3 -ABANK0=080h-0FFh -ABANK1=0100h-01FFh \
  -ABANK2=0200h-02FFh -ABANK3=0300h-03FFh -ASFR=0F80h-0FFCh \
  -preset_vec=00h,intcode=08h,intcodelo=018h,powerup,init,end_init \
  -pramtop=0400h -psmallconst=SMALLCONST -pmediumconst=MEDIUMCONST \
  -pconst=CONST -AFARRAM=00h-00h -ACONFIG=07FF8h-07FFDh -pconfig=CONFIG \
  -pjflash_buffer=07800h \
  -prdata=COMRAM,nvrram=COMRAM,nvbit=COMRAM,rbss=COMRAM,rbit=COMRAM \
  -pfarbss=FARRAM,fardata=FARRAM,nvFARRAM=FARRAM \
  -pintsave_regs=BIGRAM,bigbss=BIGRAM,bigdata=BIGRAM -pbss=RAM \
  -pidata=CODE,irdata=CODE,ibigdata=CODE,ifardata=CODE \
  C:\Users\Carl\AppData\Local\Temp\s6mc.obj \
  dist/UseXC8/debug\PIC_Framework_3.X.debug.obj 

Object code version is 3.11

Machine type is 18F45J10

Call graph: (short form)




                Name                               Link     Load   Length Selector   Space Scale
C:\Users\Carl\AppData\Local\Temp\s6mc.obj
                end_init                             C0       C0        4        C       0
                reset_vec                             0        0        6        0       0
                config                             7FF8     7FF8        6     7FF8       0
dist/UseXC8/debug\PIC_Framework_3.X.debug.obj
                intcodelo                            18       18       A8        C       0
                intcode                               8        8        C        4       0
                text59                             1FD6     1FD6        6        C       0
                text58                             1E00     1E00       36        C       0
                text57                             1FBC     1FBC       12        C       0
                text56                             1AA8     1AA8       46        C       0
                text55                             193C     193C       6A        C       0
                text54                              8FE      8FE      1BC        C       0
                text53                              6E0      6E0      21E        C       0
                text52                             18D0     18D0       6C        C       0
                text51                             1A04     1A04       5E        C       0
                text50                              D94      D94      136        C       0
                text49                             1BF8     1BF8       42        C       0
                text48                             1FAA     1FAA       12        C       0
                text47                              FCE      FCE      104        C       0
                text46                             1DCA     1DCA       36        C       0
                text45                             14EC     14EC       8A        C       0
                intcode_body                       1576     1576       82        C       0
                text43                             1F98     1F98       12        C       0
                text42                             1C3A     1C3A       40        C       0
                text41                             128C     128C       AA        C       0
                text40                             1EE4     1EE4       24        C       0
                text39                             1F86     1F86       12        C       0
                text38                             1E36     1E36       30        C       0
                text37                             1F08     1F08       1E        C       0
                text36                             1EBE     1EBE       26        C       0
                text35                              418      418      2C8        C       0
                text34                             1F3C     1F3C       14        C       0
                text33                             1678     1678       80        C       0
                text31                             1E94     1E94       2A        C       0
                text30                             1CF0     1CF0       38        C       0
                text29                             13D0     13D0       92        C       0
                text28                             19A6     19A6       5E        C       0
                text27                              C5E      C5E      136        C       0
                text26                             1BB6     1BB6       42        C       0
                text25                             1B74     1B74       42        C       0
                text24                             1F26     1F26       16        C       0
                text23                             1D94     1D94       36        C       0
                text22                             1F74     1F74       12        C       0
                text21                             1A62     1A62       46        C       0
                text20                             1AEE     1AEE       44        C       0
                text19                             16F8     16F8       7E        C       0
                text18                             1FCE     1FCE        8        C       0
                text17                             1B32     1B32       42        C       0
                text16                              ECA      ECA      104        C       0
                text15                             1D5E     1D5E       36        C       0
                text14                             10D2     10D2       E2        C       0
                text13                              ABA      ABA      1A4        C       0
                text12                             11B4     11B4       D8        C       0
                text11                             15F8     15F8       80        C       0
                text10                             1776     1776       7A        C       0
                text9                              1862     1862       6E        C       0
                text8                              1F62     1F62       12        C       0
                text7                              1E66     1E66       2E        C       0
                text6                              1F50     1F50       12        C       0
                text5                              1D28     1D28       36        C       0
                text4                              1462     1462       8A        C       0
                text3                              17F0     17F0       72        C       0
                text2                              1336     1336       9A        C       0
                text1                              1C7A     1C7A       3C        C       0
                text0                                C4       C4      354        C       0
                cstackCOMRAM                          1        1       33        1       1
                cstackBANK0                          B6       B6       32       80       1
                cstackBANK1                         182      182       75      100       1
                bssBANK2                            200      200       36      200       1
                bssBANK1                            100      100       82      100       1
                bssBANK0                             80       80       36       80       1
                bssCOMRAM                            34       34       31        1       1
                cinit                              1CB6     1CB6       3A        C       0
                nvBANK0                              E8       E8        2       80       1
                nvCOMRAM                             65       65        2        1       1

TOTAL           Name                               Link     Load   Length     Space
        CLASS   STACK          

        CLASS   CODE           
                end_init                             C0       C0        4         0
                intcodelo                            18       18       A8         0
                intcode                               8        8        C         0
                reset_vec                             0        0        6         0
                text59                             1FD6     1FD6        6         0
                text58                             1E00     1E00       36         0
                text57                             1FBC     1FBC       12         0
                text56                             1AA8     1AA8       46         0
                text55                             193C     193C       6A         0
                text54                              8FE      8FE      1BC         0
                text53                              6E0      6E0      21E         0
                text52                             18D0     18D0       6C         0
                text51                             1A04     1A04       5E         0
                text50                              D94      D94      136         0
                text49                             1BF8     1BF8       42         0
                text48                             1FAA     1FAA       12         0
                text47                              FCE      FCE      104         0
                text46                             1DCA     1DCA       36         0
                text45                             14EC     14EC       8A         0
                intcode_body                       1576     1576       82         0
                text43                             1F98     1F98       12         0
                text42                             1C3A     1C3A       40         0
                text41                             128C     128C       AA         0
                text40                             1EE4     1EE4       24         0
                text39                             1F86     1F86       12         0
                text38                             1E36     1E36       30         0
                text37                             1F08     1F08       1E         0
                text36                             1EBE     1EBE       26         0
                text35                              418      418      2C8         0
                text34                             1F3C     1F3C       14         0
                text33                             1678     1678       80         0
                text31                             1E94     1E94       2A         0
                text30                             1CF0     1CF0       38         0
                text29                             13D0     13D0       92         0
                text28                             19A6     19A6       5E         0
                text27                              C5E      C5E      136         0
                text26                             1BB6     1BB6       42         0
                text25                             1B74     1B74       42         0
                text24                             1F26     1F26       16         0
                text23                             1D94     1D94       36         0
                text22                             1F74     1F74       12         0
                text21                             1A62     1A62       46         0
                text20                             1AEE     1AEE       44         0
                text19                             16F8     16F8       7E         0
                text18                             1FCE     1FCE        8         0
                text17                             1B32     1B32       42         0
                text16                              ECA      ECA      104         0
                text15                             1D5E     1D5E       36         0
                text14                             10D2     10D2       E2         0
                text13                              ABA      ABA      1A4         0
                text12                             11B4     11B4       D8         0
                text11                             15F8     15F8       80         0
                text10                             1776     1776       7A         0
                text9                              1862     1862       6E         0
                text8                              1F62     1F62       12         0
                text7                              1E66     1E66       2E         0
                text6                              1F50     1F50       12         0
                text5                              1D28     1D28       36         0
                text4                              1462     1462       8A         0
                text3                              17F0     17F0       72         0
                text2                              1336     1336       9A         0
                text1                              1C7A     1C7A       3C         0
                text0                                C4       C4      354         0
                cinit                              1CB6     1CB6       3A         0

        CLASS   CONST          

        CLASS   SMALLCONST     

        CLASS   MEDIUMCONST    

        CLASS   COMRAM         
                cstackCOMRAM                          1        1       33         1
                bssCOMRAM                            34       34       31         1
                nvCOMRAM                             65       65        2         1

        CLASS   ABS1           

        CLASS   BIGRAM         

        CLASS   RAM            

        CLASS   BANK0          
                cstackBANK0                          B6       B6       32         1
                bssBANK0                             80       80       36         1
                nvBANK0                              E8       E8        2         1

        CLASS   BANK1          
                cstackBANK1                         182      182       75         1
                bssBANK1                            100      100       82         1

        CLASS   BANK2          
                bssBANK2                            200      200       36         1

        CLASS   BANK3          

        CLASS   SFR            

        CLASS   FARRAM         

        CLASS   CONFIG         
                config                             7FF8     7FF8        6         0

        CLASS   IDLOC          



SEGMENTS        Name                           Load    Length   Top    Selector   Space  Class

                reset_vec                      000000  000006  000006         0       0  CODE    
                cstackCOMRAM                   000001  000066  000067         1       1  COMRAM  
                intcode                        000008  00000C  000014         4       0  CODE    
                intcodelo                      000018  001FC4  001FDC         C       0  CODE    
                bssBANK0                       000080  00006A  0000EA        80       1  BANK0   
                bssBANK1                       000100  0000F7  0001F7       100       1  BANK1   
                bssBANK2                       000200  000036  000236       200       1  BANK2   
                config                         007FF8  000006  007FFE      7FF8       0  CONFIG  


UNUSED ADDRESS RANGES

        Name                Unused          Largest block    Delta
        BANK0            000EA-000FF              16
        BANK1            001F7-001FF               9
        BANK2            00236-002FF              CA
        BANK3            00300-003FF             100
        BIGRAM           00067-0007F              19
                         000EA-000FF              16
                         001F7-001FF               9
                         00236-003FF             1CA
        CODE             00006-00007               2
                         00014-00017               4
                         01FDC-07FF7            601C
        COMRAM           00067-0007F              19
        CONST            00006-00007               2
                         00014-00017               4
                         01FDC-07FF7            601C
        MEDIUMCONST      01FDC-07FF7            601C
        RAM              000EA-000FF              16
                         001F7-001FF               9
                         00236-003FF              CA
        SFR              00F80-00FFC              7D
        SMALLCONST       01FDC-07FF7             100
        STACK            00236-003FF             1CA

                                  Symbol Table

?_ReadTimer1                        cstackCOMRAM  00001
?___lwmod                           cstackBANK1   00182
?_in_high_int                       cstackBANK1   00182
?_in_low_int                        cstackBANK1   00184
?_in_main                           cstackBANK1   00186
?i2_in_high_int                     cstackBANK0   000B6
?i2_in_low_int                      cstackBANK0   000B8
Delay1KTCYx@unit                    cstackBANK1   00182
FromMainHigh_recvmsg@data           cstackBANK0   000D0
FromMainHigh_recvmsg@maxlength      cstackBANK0   000D2
FromMainHigh_recvmsg@msgtype        cstackBANK0   000CE
FromMainHigh_sendmsg@data           cstackBANK1   00199
FromMainHigh_sendmsg@length         cstackBANK1   0019B
FromMainHigh_sendmsg@msgtype        cstackBANK1   00198
OpenTimer0@config                   cstackBANK1   00182
OpenTimer1@config                   cstackBANK1   00182
OpenUSART@config                    cstackBANK1   00187
OpenUSART@spbrg                     cstackBANK1   00182
ReadTimer1@timer                    cstackCOMRAM  00003
ReadUSART@data                      cstackCOMRAM  00001
ToMainHigh_recvmsg@data             cstackBANK1   0019C
ToMainHigh_recvmsg@maxlength        cstackBANK1   0019E
ToMainHigh_recvmsg@msgtype          cstackBANK1   0019A
ToMainHigh_sendmsg@data             cstackBANK1   00199
ToMainHigh_sendmsg@length           cstackBANK1   0019B
ToMainHigh_sendmsg@msgtype          cstackBANK1   00198
ToMainLow_recvmsg@data              cstackBANK1   0019C
ToMainLow_recvmsg@maxlength         cstackBANK1   0019E
ToMainLow_recvmsg@msgtype           cstackBANK1   0019A
ToMainLow_sendmsg@data              cstackCOMRAM  00018
ToMainLow_sendmsg@length            cstackCOMRAM  0001A
ToMainLow_sendmsg@msgtype           cstackCOMRAM  00017
WriteTimer0@timer                   cstackBANK0   000B8
WriteTimer0@timer0                  cstackBANK0   000B6
WriteTimer1@timer                   cstackCOMRAM  00003
WriteTimer1@timer1                  cstackCOMRAM  00001
WriteUSART@data                     cstackCOMRAM  00001
_ADCBuffer0                         bssCOMRAM     0003E
_ADCBuffer1                         bssCOMRAM     00043
_ADCResult                          bssCOMRAM     00050
_BAUDCONbits                        (abs)         00FB8
_Delay1KTCYx                        text24        01F26
_FromMainHigh_MQ                    bssBANK2      00200
_FromMainHigh_recvmsg               text49        01BF8
_FromMainHigh_sendmsg               text5         01D28
_FromMainLow_MQ                     bssBANK1      00116
_INTCONbits                         (abs)         00FF2
_IPR1bits                           (abs)         00F9F
_InterruptHandlerHigh               intcode       00008
_InterruptHandlerLow                intcodelo     00018
_LATB                               (abs)         00F8A
_LATBbits                           (abs)         00F8A
_MQ_Main_Willing_to_block           bssCOMRAM     00058
_OSCCON                             (abs)         00FD3
_OSCCONbits                         (abs)         00FD3
_OSCTUNEbits                        (abs)         00F9B
_OpenTimer0                         text31        01E94
_OpenTimer1                         text30        01CF0
_OpenUSART                          text29        013D0
_PIE1bits                           (abs)         00F9D
_PIR1bits                           (abs)         00F9E
_RCONbits                           (abs)         00FD0
_RCREG                              (abs)         00FAE
_RCSTA                              (abs)         00FAB
_RCSTAbits                          (abs)         00FAB
_ReadTimer1                         text43        01F98
_ReadUSART                          text37        01F08
_SPBRG                              (abs)         00FAF
_SPBRGH                             (abs)         00FB0
_SSP1CON2bits                       (abs)         00FC5
_SSPADD                             (abs)         00FC8
_SSPBUF                             (abs)         00FC9
_SSPCON1                            (abs)         00FC6
_SSPCON2bits                        (abs)         00FC5
_SleepIfOkay                        text55        0193C
_T0CON                              (abs)         00FD5
_T0CONbits                          (abs)         00FD5
_T1CON                              (abs)         00FCD
_T1CONbits                          (abs)         00FCD
_TMR0H                              (abs)         00FD7
_TMR0L                              (abs)         00FD6
_TMR1H                              (abs)         00FCF
_TMR1L                              (abs)         00FCE
_TRISB                              (abs)         00F93
_TRISCbits                          (abs)         00F94
_TXREG                              (abs)         00FAD
_TXSTA                              (abs)         00FAC
_TXSTAbits                          (abs)         00FAC
_ToMainHigh_MQ                      bssBANK0      00080
_ToMainHigh_recvmsg                 text26        01BB6
_ToMainHigh_sendmsg                 text15        01D5E
_ToMainLow_MQ                       bssBANK1      0014C
_ToMainLow_recvmsg                  text25        01B74
_ToMainLow_sendmsg                  text40        01EE4
_USART_Status                       bssCOMRAM     00059
_WriteTimer0                        text48        01FAA
_WriteTimer1                        text39        01F86
_WriteUSART                         text34        01F3C
__CFG_CCP2MX$DEFAULT                (abs)         00000
__CFG_CP0$OFF                       (abs)         00000
__CFG_FCMEN$ON                      (abs)         00000
__CFG_FOSC$HSPLL                    (abs)         00000
__CFG_FOSC2$ON                      (abs)         00000
__CFG_IESO$ON                       (abs)         00000
__CFG_STVREN$OFF                    (abs)         00000
__CFG_WDTEN$OFF                     (abs)         00000
__CFG_WDTPS$32768                   (abs)         00000
__CFG_XINST$OFF                     (abs)         00000
__HRAM                              (abs)         00000
__Habs1                             abs1          00000
__Hbank0                            bank0         00000
__Hbank1                            bank1         00000
__Hbank2                            bank2         00000
__Hbank3                            bank3         00000
__Hbigbss                           bigbss        00000
__Hbigdata                          bigdata       00000
__Hbigram                           bigram        00000
__Hbss                              bss           00000
__HbssBANK0                         bssBANK0      00000
__HbssBANK1                         bssBANK1      00000
__HbssBANK2                         bssBANK2      00000
__HbssCOMRAM                        bssCOMRAM     00000
__Hcinit                            cinit         00000
__Hclrtext                          clrtext       00000
__Hcomram                           comram        00000
__Hconfig                           config        07FFE
__Hconst                            const         00000
__HcstackBANK0                      cstackBANK0   00000
__HcstackBANK1                      cstackBANK1   00000
__HcstackCOMRAM                     cstackCOMRAM  00000
__Hdata                             data          00000
__Hend_init                         end_init      000C4
__Hfarbss                           farbss        00000
__Hfardata                          fardata       00000
__Hibigdata                         ibigdata      00000
__Hidata                            idata         00000
__Hidloc                            idloc         00000
__Hifardata                         ifardata      00000
__Hinit                             init          000C0
__Hintcode                          intcode       00014
__Hintcode_body                     intcode_body  00000
__Hintcodelo                        intcodelo     000C0
__Hintentry                         intentry      00000
__Hintret                           intret        00000
__Hintsave_regs                     intsave_regs  00000
__Hirdata                           irdata        00000
__Hjflash_buffer                    jflash_buffer 07800
__Hmediumconst                      mediumconst   00000
__HnvBANK0                          nvBANK0       00000
__HnvCOMRAM                         nvCOMRAM      00000
__HnvFARRAM                         nvFARRAM      00000
__Hnvbit                            nvbit         00000
__Hnvrram                           nvrram        00000
__Hparam                            param0        00000
__Hparam0                           param0        00000
__Hpowerup                          powerup       000C0
__Hram                              ram           00000
__Hramtop                           ramtop        00400
__Hrbit                             rbit          00000
__Hrbss                             rbss          00000
__Hrdata                            rdata         00000
__Hreset_vec                        reset_vec     00006
__Hsfr                              sfr           00000
__Hsmallconst                       smallconst    00000
__Hstack                            stack         00000
__Hstruct                           struct        00000
__Htemp                             temp          00000
__Htext                             text          00000
__Htext0                            text0         00000
__Htext1                            text1         00000
__Htext10                           text10        00000
__Htext11                           text11        00000
__Htext12                           text12        00000
__Htext13                           text13        00000
__Htext14                           text14        00000
__Htext15                           text15        00000
__Htext16                           text16        00000
__Htext17                           text17        00000
__Htext18                           text18        00000
__Htext19                           text19        00000
__Htext2                            text2         00000
__Htext20                           text20        00000
__Htext21                           text21        00000
__Htext22                           text22        00000
__Htext23                           text23        00000
__Htext24                           text24        00000
__Htext25                           text25        00000
__Htext26                           text26        00000
__Htext27                           text27        00000
__Htext28                           text28        00000
__Htext29                           text29        00000
__Htext3                            text3         00000
__Htext30                           text30        00000
__Htext31                           text31        00000
__Htext33                           text33        00000
__Htext34                           text34        00000
__Htext35                           text35        00000
__Htext36                           text36        00000
__Htext37                           text37        00000
__Htext38                           text38        00000
__Htext39                           text39        00000
__Htext4                            text4         00000
__Htext40                           text40        00000
__Htext41                           text41        00000
__Htext42                           text42        00000
__Htext43                           text43        00000
__Htext45                           text45        00000
__Htext46                           text46        00000
__Htext47                           text47        00000
__Htext48                           text48        00000
__Htext49                           text49        00000
__Htext5                            text5         00000
__Htext50                           text50        00000
__Htext51                           text51        00000
__Htext52                           text52        00000
__Htext53                           text53        00000
__Htext54                           text54        00000
__Htext55                           text55        00000
__Htext56                           text56        00000
__Htext57                           text57        00000
__Htext58                           text58        00000
__Htext59                           text59        00000
__Htext6                            text6         00000
__Htext7                            text7         00000
__Htext8                            text8         00000
__Htext9                            text9         00000
__LRAM                              (abs)         00001
__Labs1                             abs1          00000
__Lbank0                            bank0         00000
__Lbank1                            bank1         00000
__Lbank2                            bank2         00000
__Lbank3                            bank3         00000
__Lbigbss                           bigbss        00000
__Lbigdata                          bigdata       00000
__Lbigram                           bigram        00000
__Lbss                              bss           00000
__LbssBANK0                         bssBANK0      00000
__LbssBANK1                         bssBANK1      00000
__LbssBANK2                         bssBANK2      00000
__LbssCOMRAM                        bssCOMRAM     00000
__Lcinit                            cinit         00000
__Lclrtext                          clrtext       00000
__Lcomram                           comram        00000
__Lconfig                           config        07FF8
__Lconst                            const         00000
__LcstackBANK0                      cstackBANK0   00000
__LcstackBANK1                      cstackBANK1   00000
__LcstackCOMRAM                     cstackCOMRAM  00000
__Ldata                             data          00000
__Lend_init                         end_init      000C0
__Lfarbss                           farbss        00000
__Lfardata                          fardata       00000
__Libigdata                         ibigdata      00000
__Lidata                            idata         00000
__Lidloc                            idloc         00000
__Lifardata                         ifardata      00000
__Linit                             init          000C0
__Lintcode                          intcode       00008
__Lintcode_body                     intcode_body  00000
__Lintcodelo                        intcodelo     00018
__Lintentry                         intentry      00000
__Lintret                           intret        00000
__Lintsave_regs                     intsave_regs  00000
__Lirdata                           irdata        00000
__Ljflash_buffer                    jflash_buffer 07800
__Lmediumconst                      mediumconst   00000
__LnvBANK0                          nvBANK0       00000
__LnvCOMRAM                         nvCOMRAM      00000
__LnvFARRAM                         nvFARRAM      00000
__Lnvbit                            nvbit         00000
__Lnvrram                           nvrram        00000
__Lparam                            param0        00000
__Lparam0                           param0        00000
__Lpowerup                          powerup       000C0
__Lram                              ram           00000
__Lramtop                           ramtop        00400
__Lrbit                             rbit          00000
__Lrbss                             rbss          00000
__Lrdata                            rdata         00000
__Lreset_vec                        reset_vec     00000
__Lsfr                              sfr           00000
__Lsmallconst                       smallconst    00000
__Lstack                            stack         00000
__Lstruct                           struct        00000
__Ltemp                             temp          00000
__Ltext                             text          00000
__Ltext0                            text0         00000
__Ltext1                            text1         00000
__Ltext10                           text10        00000
__Ltext11                           text11        00000
__Ltext12                           text12        00000
__Ltext13                           text13        00000
__Ltext14                           text14        00000
__Ltext15                           text15        00000
__Ltext16                           text16        00000
__Ltext17                           text17        00000
__Ltext18                           text18        00000
__Ltext19                           text19        00000
__Ltext2                            text2         00000
__Ltext20                           text20        00000
__Ltext21                           text21        00000
__Ltext22                           text22        00000
__Ltext23                           text23        00000
__Ltext24                           text24        00000
__Ltext25                           text25        00000
__Ltext26                           text26        00000
__Ltext27                           text27        00000
__Ltext28                           text28        00000
__Ltext29                           text29        00000
__Ltext3                            text3         00000
__Ltext30                           text30        00000
__Ltext31                           text31        00000
__Ltext33                           text33        00000
__Ltext34                           text34        00000
__Ltext35                           text35        00000
__Ltext36                           text36        00000
__Ltext37                           text37        00000
__Ltext38                           text38        00000
__Ltext39                           text39        00000
__Ltext4                            text4         00000
__Ltext40                           text40        00000
__Ltext41                           text41        00000
__Ltext42                           text42        00000
__Ltext43                           text43        00000
__Ltext45                           text45        00000
__Ltext46                           text46        00000
__Ltext47                           text47        00000
__Ltext48                           text48        00000
__Ltext49                           text49        00000
__Ltext5                            text5         00000
__Ltext50                           text50        00000
__Ltext51                           text51        00000
__Ltext52                           text52        00000
__Ltext53                           text53        00000
__Ltext54                           text54        00000
__Ltext55                           text55        00000
__Ltext56                           text56        00000
__Ltext57                           text57        00000
__Ltext58                           text58        00000
__Ltext59                           text59        00000
__Ltext6                            text6         00000
__Ltext7                            text7         00000
__Ltext8                            text8         00000
__Ltext9                            text9         00000
__S0                                (abs)         07FFE
__S1                                (abs)         00236
__S2                                (abs)         00000
___extmem_base                      (abs)         20000
___inthi_sp                         stack         00000
___intlo_sp                         stack         00000
___lwmod                            text4         01462
___lwmod@counter                    cstackBANK1   00187
___lwmod@dividend                   cstackBANK1   00182
___lwmod@divisor                    cstackBANK1   00184
___sp                               stack         00000
__accesstop                         (abs)         00080
__activetblptr                      (abs)         00002
__end_of_Delay1KTCYx                text24        01F3C
__end_of_FromMainHigh_recvmsg       text49        01C3A
__end_of_FromMainHigh_sendmsg       text5         01D5E
__end_of_InterruptHandlerHigh       intcode_body  015F8
__end_of_InterruptHandlerLow        intcodelo     000C0
__end_of_OpenTimer0                 text31        01EBE
__end_of_OpenTimer1                 text30        01D28
__end_of_OpenUSART                  text29        01462
__end_of_ReadTimer1                 text43        01FAA
__end_of_ReadUSART                  text37        01F26
__end_of_SleepIfOkay                text55        019A6
__end_of_ToMainHigh_recvmsg         text26        01BF8
__end_of_ToMainHigh_sendmsg         text15        01D94
__end_of_ToMainLow_recvmsg          text25        01BB6
__end_of_ToMainLow_sendmsg          text40        01F08
__end_of_WriteTimer0                text48        01FBC
__end_of_WriteTimer1                text39        01F98
__end_of_WriteUSART                 text34        01F50
__end_of___lwmod                    text4         014EC
__end_of__initialization            cinit         01CE6
__end_of_block_on_To_msgqueues      text19        01776
__end_of_check_msg                  text23        01DCA
__end_of_enable_interrupts          text18        01FD6
__end_of_enter_sleep_mode           text59        01FDC
__end_of_i2c_configure_master       text17        01B74
__end_of_i2c_int_handler            text52        0193C
__end_of_i2c_int_handler_master_rx  text54        00ABA
__end_of_i2c_int_handler_master_tx  text53        008FE
__end_of_i2c_lthread                text12        0128C
__end_of_i2c_master_recv            text14        011B4
__end_of_i2c_master_send            text13        00C5E
__end_of_in_high_int                text22        01F86
__end_of_in_low_int                 text21        01AA8
__end_of_in_main                    text20        01B32
__end_of_init_i2c                   text11        01678
__end_of_init_queue                 text10        017F0
__end_of_init_queues                text9         018D0
__end_of_init_timer1_lthread        text8         01F74
__end_of_init_uart_recv             text7         01E94
__end_of_main                       text0         00418
__end_of_memcpy                     text28        01A04
__end_of_recv_msg                   text27        00D94
__end_of_send_msg                   text16        00FCE
__end_of_timer0_int_handler         text45        01576
__end_of_timer0_lthread             text6         01F62
__end_of_timer1_int_handler         text38        01E66
__end_of_timer1_lthread             text3         01862
__end_of_uart_lthread               text1         01CB6
__end_of_uart_recv_int_handler      text35        006E0
__end_of_uart_retrieve_buffer       text2         013D0
__end_of_uart_send_int_handler      text33        016F8
__end_ofi1_ToMainHigh_sendmsg       text36        01EE4
__end_ofi1_memcpy                   text42        01C7A
__end_ofi1_send_msg                 text41        01336
__end_ofi2_ToMainHigh_sendmsg       text46        01E00
__end_ofi2_check_msg                text58        01E36
__end_ofi2_in_high_int              text57        01FCE
__end_ofi2_in_low_int               text56        01AEE
__end_ofi2_memcpy                   text51        01A62
__end_ofi2_recv_msg                 text50        00ECA
__end_ofi2_send_msg                 text47        010D2
__initialization                    cinit         01CB6
__mediumconst                       mediumconst   00000
__pbssBANK0                         bssBANK0      00080
__pbssBANK1                         bssBANK1      00100
__pbssBANK2                         bssBANK2      00200
__pbssCOMRAM                        bssCOMRAM     00034
__pcinit                            cinit         01CB6
__pcstackBANK0                      cstackBANK0   000B6
__pcstackBANK1                      cstackBANK1   00182
__pcstackCOMRAM                     cstackCOMRAM  00001
__pintcode                          intcode       00008
__pintcode_body                     intcode_body  01576
__pintcodelo                        intcodelo     00018
__pnvBANK0                          nvBANK0       000E8
__pnvCOMRAM                         nvCOMRAM      00065
__ptext0                            text0         000C4
__ptext1                            text1         01C7A
__ptext10                           text10        01776
__ptext11                           text11        015F8
__ptext12                           text12        011B4
__ptext13                           text13        00ABA
__ptext14                           text14        010D2
__ptext15                           text15        01D5E
__ptext16                           text16        00ECA
__ptext17                           text17        01B32
__ptext18                           text18        01FCE
__ptext19                           text19        016F8
__ptext2                            text2         01336
__ptext20                           text20        01AEE
__ptext21                           text21        01A62
__ptext22                           text22        01F74
__ptext23                           text23        01D94
__ptext24                           text24        01F26
__ptext25                           text25        01B74
__ptext26                           text26        01BB6
__ptext27                           text27        00C5E
__ptext28                           text28        019A6
__ptext29                           text29        013D0
__ptext3                            text3         017F0
__ptext30                           text30        01CF0
__ptext31                           text31        01E94
__ptext33                           text33        01678
__ptext34                           text34        01F3C
__ptext35                           text35        00418
__ptext36                           text36        01EBE
__ptext37                           text37        01F08
__ptext38                           text38        01E36
__ptext39                           text39        01F86
__ptext4                            text4         01462
__ptext40                           text40        01EE4
__ptext41                           text41        0128C
__ptext42                           text42        01C3A
__ptext43                           text43        01F98
__ptext45                           text45        014EC
__ptext46                           text46        01DCA
__ptext47                           text47        00FCE
__ptext48                           text48        01FAA
__ptext49                           text49        01BF8
__ptext5                            text5         01D28
__ptext50                           text50        00D94
__ptext51                           text51        01A04
__ptext52                           text52        018D0
__ptext53                           text53        006E0
__ptext54                           text54        008FE
__ptext55                           text55        0193C
__ptext56                           text56        01AA8
__ptext57                           text57        01FBC
__ptext58                           text58        01E00
__ptext59                           text59        01FD6
__ptext6                            text6         01F50
__ptext7                            text7         01E66
__ptext8                            text8         01F62
__ptext9                            text9         01862
__ramtop                            ramtop        00400
__size_of_Delay1KTCYx               (abs)         00000
__size_of_FromMainHigh_recvmsg      (abs)         00000
__size_of_FromMainHigh_sendmsg      (abs)         00000
__size_of_InterruptHandlerHigh      (abs)         00000
__size_of_InterruptHandlerLow       (abs)         00000
__size_of_OpenTimer0                (abs)         00000
__size_of_OpenTimer1                (abs)         00000
__size_of_OpenUSART                 (abs)         00000
__size_of_ReadTimer1                (abs)         00000
__size_of_ReadUSART                 (abs)         00000
__size_of_SleepIfOkay               (abs)         00000
__size_of_ToMainHigh_recvmsg        (abs)         00000
__size_of_ToMainHigh_sendmsg        (abs)         00000
__size_of_ToMainLow_recvmsg         (abs)         00000
__size_of_ToMainLow_sendmsg         (abs)         00000
__size_of_WriteTimer0               (abs)         00000
__size_of_WriteTimer1               (abs)         00000
__size_of_WriteUSART                (abs)         00000
__size_of___lwmod                   (abs)         00000
__size_of_block_on_To_msgqueues     (abs)         00000
__size_of_check_msg                 (abs)         00000
__size_of_enable_interrupts         (abs)         00000
__size_of_enter_sleep_mode          (abs)         00000
__size_of_i2c_configure_master      (abs)         00000
__size_of_i2c_int_handler           (abs)         00000
__size_of_i2c_int_handler_master_rx (abs)         00000
__size_of_i2c_int_handler_master_tx (abs)         00000
__size_of_i2c_lthread               (abs)         00000
__size_of_i2c_master_recv           (abs)         00000
__size_of_i2c_master_send           (abs)         00000
__size_of_in_high_int               (abs)         00000
__size_of_in_low_int                (abs)         00000
__size_of_in_main                   (abs)         00000
__size_of_init_i2c                  (abs)         00000
__size_of_init_queue                (abs)         00000
__size_of_init_queues               (abs)         00000
__size_of_init_timer1_lthread       (abs)         00000
__size_of_init_uart_recv            (abs)         00000
__size_of_main                      (abs)         00000
__size_of_memcpy                    (abs)         00000
__size_of_recv_msg                  (abs)         00000
__size_of_send_msg                  (abs)         00000
__size_of_timer0_int_handler        (abs)         00000
__size_of_timer0_lthread            (abs)         00000
__size_of_timer1_int_handler        (abs)         00000
__size_of_timer1_lthread            (abs)         00000
__size_of_uart_lthread              (abs)         00000
__size_of_uart_recv_int_handler     (abs)         00000
__size_of_uart_retrieve_buffer      (abs)         00000
__size_of_uart_send_int_handler     (abs)         00000
__size_ofi1_ToMainHigh_sendmsg      (abs)         00000
__size_ofi1_memcpy                  (abs)         00000
__size_ofi1_send_msg                (abs)         00000
__size_ofi2_ToMainHigh_sendmsg      (abs)         00000
__size_ofi2_check_msg               (abs)         00000
__size_ofi2_in_high_int             (abs)         00000
__size_ofi2_in_low_int              (abs)         00000
__size_ofi2_memcpy                  (abs)         00000
__size_ofi2_recv_msg                (abs)         00000
__size_ofi2_send_msg                (abs)         00000
__smallconst                        smallconst    00000
_block_on_To_msgqueues              text19        016F8
_buf                                bssCOMRAM     00034
_buff                               bssCOMRAM     00048
_bufferFlag                         bssBANK1      00114
_bufferLen                          bssCOMRAM     00052
_check_msg                          text23        01D94
_checksum_flag                      bssCOMRAM     0005A
_count                              bssCOMRAM     0005B
_enable_interrupts                  text18        01FCE
_enter_sleep_mode                   text59        01FD6
_i2c_configure_master               text17        01B32
_i2c_int_handler                    text52        018D0
_i2c_int_handler_master_rx          text54        008FE
_i2c_int_handler_master_tx          text53        006E0
_i2c_lthread                        text12        011B4
_i2c_master_recv                    text14        010D2
_i2c_master_send                    text13        00ABA
_ic_ptr                             nvBANK0       000E8
_in_high_int                        text22        01F74
_in_low_int                         text21        01A62
_in_main                            text20        01AEE
_init_i2c                           text11        015F8
_init_queue                         text10        01776
_init_queues                        text9         01862
_init_timer1_lthread                text8         01F62
_init_uart_recv                     text7         01E66
_last_reg_recvd                     bssCOMRAM     0005C
_length                             bssCOMRAM     00054
_length_flag                        bssCOMRAM     0005D
_main                               text0         000C4
_memcpy                             text28        019A6
_msg_flag                           bssCOMRAM     0005E
_msgbuffer                          bssBANK1      00100
_msgtype                            bssCOMRAM     0005F
_msgtype_flag                       bssCOMRAM     00060
_previousValue                      bssCOMRAM     00056
_recv_msg                           text27        00C5E
_sendToMotorPIC_flag                bssCOMRAM     00061
_sendToSensorPIC_flag               bssCOMRAM     00062
_send_msg                           text16        00ECA
_sent_i2c_msg                       bssCOMRAM     00063
_timer0_int_handler                 text45        014EC
_timer0_lthread                     text6         01F50
_timer1_int_handler                 text38        01E36
_timer1_lthread                     text3         017F0
_uartData                           bssCOMRAM     00064
_uart_lthread                       text1         01C7A
_uart_recv_int_handler              text35        00418
_uart_retrieve_buffer               text2         01336
_uart_send_int_handler              text33        01678
_uc_ptr                             nvCOMRAM      00065
_voltage                            bssCOMRAM     0004D
check_msg@qptr                      cstackBANK1   00182
end_of_initialization               cinit         01CE6
i1ToMainHigh_sendmsg@data           cstackCOMRAM  00018
i1ToMainHigh_sendmsg@length         cstackCOMRAM  0001A
i1ToMainHigh_sendmsg@msgtype        cstackCOMRAM  00017
i1_ToMainHigh_sendmsg               text36        01EBE
i1_memcpy                           text42        01C3A
i1_send_msg                         text41        0128C
i1memcpy@d                          cstackCOMRAM  00007
i1memcpy@d1                         cstackCOMRAM  00001
i1memcpy@n                          cstackCOMRAM  00005
i1memcpy@s                          cstackCOMRAM  00009
i1memcpy@s1                         cstackCOMRAM  00003
i1send_msg@data                     cstackCOMRAM  0000F
i1send_msg@length                   cstackCOMRAM  0000D
i1send_msg@msgtype                  cstackCOMRAM  0000E
i1send_msg@qmsg                     cstackCOMRAM  00015
i1send_msg@qptr                     cstackCOMRAM  0000B
i1send_msg@slot                     cstackCOMRAM  00014
i1send_msg@tlength                  cstackCOMRAM  00012
i2ToMainHigh_sendmsg@data           cstackBANK0   000CD
i2ToMainHigh_sendmsg@length         cstackBANK0   000CF
i2ToMainHigh_sendmsg@msgtype        cstackBANK0   000CC
i2_ToMainHigh_sendmsg               text46        01DCA
i2_check_msg                        text58        01E00
i2_in_high_int                      text57        01FBC
i2_in_low_int                       text56        01AA8
i2_memcpy                           text51        01A04
i2_recv_msg                         text50        00D94
i2_send_msg                         text47        00FCE
i2c_configure_master@slave_addr     cstackBANK1   00182
i2c_lthread@i2cptr                  cstackBANK1   0019C
i2c_lthread@length                  cstackBANK1   001A0
i2c_lthread@msgbuffer               cstackBANK1   001A2
i2c_lthread@msgtype                 cstackBANK1   0019E
i2c_master_recv@length              cstackBANK1   00182
i2c_master_send@i                   cstackBANK1   0018B
i2c_master_send@length              cstackBANK1   0018A
i2c_master_send@msg                 cstackBANK1   00182
i2check_msg@qptr                    cstackBANK0   000B6
i2memcpy@d                          cstackBANK0   000BC
i2memcpy@d1                         cstackBANK0   000B6
i2memcpy@n                          cstackBANK0   000BA
i2memcpy@s                          cstackBANK0   000BE
i2memcpy@s1                         cstackBANK0   000B8
i2recv_msg@data                     cstackBANK0   000C5
i2recv_msg@maxlength                cstackBANK0   000C2
i2recv_msg@msgtype                  cstackBANK0   000C3
i2recv_msg@qmsg                     cstackBANK0   000CC
i2recv_msg@qptr                     cstackBANK0   000C0
i2recv_msg@slot                     cstackBANK0   000C9
i2recv_msg@tlength                  cstackBANK0   000CA
i2send_msg@data                     cstackBANK0   000C4
i2send_msg@length                   cstackBANK0   000C2
i2send_msg@msgtype                  cstackBANK0   000C3
i2send_msg@qmsg                     cstackBANK0   000CA
i2send_msg@qptr                     cstackBANK0   000C0
i2send_msg@slot                     cstackBANK0   000C9
i2send_msg@tlength                  cstackBANK0   000C7
init_i2c@ic                         cstackBANK1   00182
init_queue@i                        cstackBANK1   00185
init_queue@qptr                     cstackBANK1   00182
init_timer1_lthread@tptr            cstackBANK1   00182
init_uart_recv@uc                   cstackBANK1   00182
int_func                            intcode_body  01576
intlevel0                           text          00000
intlevel1                           text          00000
intlevel2                           text          00000
intlevel3                           text          00000
main@i2cthread_data                 cstackBANK1   001B7
main@ic                             cstackBANK1   001D4
main@length                         cstackBANK1   001BB
main@msgbuffer                      cstackBANK1   001A7
main@msgtype                        cstackBANK1   001D3
main@slave_address                  cstackBANK1   001B4
main@t0thread_data                  cstackBANK1   001B2
main@t1thread_data                  cstackBANK1   001B9
main@uc                             cstackBANK1   001BC
main@uthread_data                   cstackBANK1   001B5
memcpy@d                            cstackBANK1   00188
memcpy@d1                           cstackBANK1   00182
memcpy@n                            cstackBANK1   00186
memcpy@s                            cstackBANK1   0018A
memcpy@s1                           cstackBANK1   00184
recv_msg@data                       cstackBANK1   00191
recv_msg@maxlength                  cstackBANK1   0018E
recv_msg@msgtype                    cstackBANK1   0018F
recv_msg@qmsg                       cstackBANK1   00198
recv_msg@qptr                       cstackBANK1   0018C
recv_msg@slot                       cstackBANK1   00195
recv_msg@tlength                    cstackBANK1   00196
send_msg@data                       cstackBANK1   00190
send_msg@length                     cstackBANK1   0018E
send_msg@msgtype                    cstackBANK1   0018F
send_msg@qmsg                       cstackBANK1   00196
send_msg@qptr                       cstackBANK1   0018C
send_msg@slot                       cstackBANK1   00195
send_msg@tlength                    cstackBANK1   00193
stackhi                             (abs)         003FF
stacklo                             (abs)         00236
start                               init          000C0
start_initialization                cinit         01CB6
timer0_int_handler@length           cstackBANK0   000D4
timer0_int_handler@msgtype          cstackBANK0   000D6
timer0_int_handler@val              cstackBANK0   000D8
timer0_lthread@length               cstackBANK1   00186
timer0_lthread@msgbuffer            cstackBANK1   00188
timer0_lthread@msgtype              cstackBANK1   00184
timer0_lthread@msgval               cstackBANK1   0018A
timer0_lthread@tptr                 cstackBANK1   00182
timer1_int_handler@result           cstackCOMRAM  0001C
timer1_lthread@length               cstackBANK1   001A0
timer1_lthread@msgbuffer            cstackBANK1   001A2
timer1_lthread@msgtype              cstackBANK1   0019E
timer1_lthread@retval               cstackBANK1   001A5
timer1_lthread@tptr                 cstackBANK1   0019C
uart_lthread@length                 cstackBANK1   0018F
uart_lthread@msgbuffer              cstackBANK1   00191
uart_lthread@msgtype                cstackBANK1   0018D
uart_lthread@uptr                   cstackBANK1   0018B
uart_recv_int_handler@bufLength     cstackCOMRAM  0001E
uart_recv_int_handler@checkSum      cstackCOMRAM  0001F
uart_recv_int_handler@data          cstackCOMRAM  00022
uart_recv_int_handler@i             cstackCOMRAM  00020
uart_retrieve_buffer@i              cstackBANK1   00189
uart_retrieve_buffer@length         cstackBANK1   00182
uart_retrieve_buffer@msgbuffer      cstackBANK1   00184


FUNCTION INFORMATION:

 *************** function _main *****************
 Defined at:
		line 189 in file "../src/main.c"
 Parameters:    Size  Location     Type
		None
 Auto vars:     Size  Location     Type
  ic             35   82[BANK1 ] struct __i2c_comm
  uc             23   58[BANK1 ] struct __uart_comm
  msgbuffer      11   37[BANK1 ] unsigned char [11]
  t1thread_dat    2   55[BANK1 ] struct __timer1_thread_s
  i2cthread_da    2   53[BANK1 ] struct __i2c_thread_stru
  uthread_data    2   51[BANK1 ] struct __uart_thread_str
  t0thread_dat    2   48[BANK1 ] struct __timer0_thread_s
  msgtype         1   81[BANK1 ] unsigned char 
  length          1   57[BANK1 ] char 
  slave_addres    1   50[BANK1 ] unsigned char 
  i               1    0        unsigned char 
  last_reg_rec    1    0        unsigned char 
  c               1    0        unsigned char 
 Return value:  Size  Location     Type
		None               void
 Registers used:
		wreg, fsr0l, fsr0h, fsr1l, fsr1h, fsr1l, fsr1h, fsr2l, fsr2h, status,2, status,0, pclat, btemp, btemp+1, btemp+2, btemp+3, btemp+4, btemp+5, btemp+6, btemp+7, btemp+8, btemp+9, btemp+10, btemp+11, tosl, structret, tblptrl, tblptrh, tblptru, prodl, prodh, bsr, cstack
 Tracked objects:
		On entry : 
		On exit  : 
		Unchanged: 
 Data sizes:     COMRAM   BANK0   BANK1   BANK2   BANK3
      Params:         0       0       0       0       0
      Locals:         0       0      80       0       0
      Temps:          0       0       1       0       0
      Totals:         0       0      81       0       0
Total ram usage:       81 bytes
 Hardware stack levels required when called:   14
 This function calls:
		_OpenTimer0
		_OpenTimer1
		_OpenUSART
		_ToMainHigh_recvmsg
		_ToMainLow_recvmsg
		_block_on_To_msgqueues
		_enable_interrupts
		_i2c_configure_master
		_i2c_lthread
		_init_i2c
		_init_queues
		_init_timer1_lthread
		_init_uart_recv
		_timer0_lthread
		_timer1_lthread
		_uart_lthread
 This function is called by:
		Startup code after reset
 This function uses a non-reentrant model


 *************** function _uart_lthread *****************
 Defined at:
		line 12 in file "../src/uart_thread.c"
 Parameters:    Size  Location     Type
  uptr            2    9[BANK1 ] PTR struct __uart_thread
		 -> main@uthread_data(2), 
  msgtype         2   11[BANK1 ] int 
  length          2   13[BANK1 ] int 
  msgbuffer       2   15[BANK1 ] PTR unsigned char 
		 -> main@msgbuffer(11), 
 Auto vars:     Size  Location     Type
		None
 Return value:  Size  Location     Type
                  2    9[BANK1 ] int 
 Registers used:
		wreg, fsr1l, fsr1h, fsr2l, fsr2h, status,2, status,0, cstack
 Tracked objects:
		On entry : 
		On exit  : 
		Unchanged: 
 Data sizes:     COMRAM   BANK0   BANK1   BANK2   BANK3
      Params:         0       0       8       0       0
      Locals:         0       0       0       0       0
      Temps:          0       0       0       0       0
      Totals:         0       0       8       0       0
Total ram usage:        8 bytes
 Hardware stack levels used:    1
 Hardware stack levels required when called:   11
 This function calls:
		_uart_retrieve_buffer
 This function is called by:
		_main
 This function uses a non-reentrant model


 *************** function _uart_retrieve_buffer *****************
 Defined at:
		line 258 in file "../src/my_uart.c"
 Parameters:    Size  Location     Type
  length          2    0[BANK1 ] int 
  msgbuffer       2    2[BANK1 ] PTR unsigned char 
		 -> main@msgbuffer(11), 
 Auto vars:     Size  Location     Type
  i               2    7[BANK1 ] int 
 Return value:  Size  Location     Type
		None               void
 Registers used:
		wreg, fsr1l, fsr1h, fsr2l, fsr2h, status,2, status,0
 Tracked objects:
		On entry : 
		On exit  : 
		Unchanged: 
 Data sizes:     COMRAM   BANK0   BANK1   BANK2   BANK3
      Params:         0       0       4       0       0
      Locals:         0       0       2       0       0
      Temps:          0       0       3       0       0
      Totals:         0       0       9       0       0
Total ram usage:        9 bytes
 Hardware stack levels used:    1
 Hardware stack levels required when called:   10
 This function calls:
		Nothing
 This function is called by:
		_uart_lthread
 This function uses a non-reentrant model


 *************** function _timer1_lthread *****************
 Defined at:
		line 14 in file "../src/timer1_thread.c"
 Parameters:    Size  Location     Type
  tptr            2   26[BANK1 ] PTR struct __timer1_thre
		 -> main@t1thread_data(2), 
  msgtype         2   28[BANK1 ] int 
  length          2   30[BANK1 ] int 
  msgbuffer       2   32[BANK1 ] PTR unsigned char 
		 -> main@msgbuffer(11), 
 Auto vars:     Size  Location     Type
  retval          1   35[BANK1 ] char 
 Return value:  Size  Location     Type
                  2   26[BANK1 ] int 
 Registers used:
		wreg, fsr1l, fsr1h, fsr2l, fsr2h, status,2, status,0, prodl, prodh, cstack
 Tracked objects:
		On entry : 
		On exit  : 
		Unchanged: 
 Data sizes:     COMRAM   BANK0   BANK1   BANK2   BANK3
      Params:         0       0       8       0       0
      Locals:         0       0       1       0       0
      Temps:          0       0       1       0       0
      Totals:         0       0      10       0       0
Total ram usage:       10 bytes
 Hardware stack levels used:    1
 Hardware stack levels required when called:   13
 This function calls:
		_FromMainHigh_sendmsg
		___lwmod
 This function is called by:
		_main
 This function uses a non-reentrant model


 *************** function ___lwmod *****************
 Defined at:
		line 8 in file "C:\Program Files (x86)\Microchip\xc8\v1.30\sources\common\lwmod.c"
 Parameters:    Size  Location     Type
  dividend        2    0[BANK1 ] unsigned int 
  divisor         2    2[BANK1 ] unsigned int 
 Auto vars:     Size  Location     Type
  counter         1    5[BANK1 ] unsigned char 
 Return value:  Size  Location     Type
                  2    0[BANK1 ] unsigned int 
 Registers used:
		wreg, status,2, status,0
 Tracked objects:
		On entry : 
		On exit  : 
		Unchanged: 
 Data sizes:     COMRAM   BANK0   BANK1   BANK2   BANK3
      Params:         0       0       4       0       0
      Locals:         0       0       1       0       0
      Temps:          0       0       1       0       0
      Totals:         0       0       6       0       0
Total ram usage:        6 bytes
 Hardware stack levels used:    1
 Hardware stack levels required when called:   10
 This function calls:
		Nothing
 This function is called by:
		_timer1_lthread
 This function uses a non-reentrant model


 *************** function _FromMainHigh_sendmsg *****************
 Defined at:
		line 174 in file "../src/messages.c"
 Parameters:    Size  Location     Type
  length          1    wreg     unsigned char 
  msgtype         1   22[BANK1 ] unsigned char 
  data            2   23[BANK1 ] PTR void 
		 -> main@t1thread_data(2), 
 Auto vars:     Size  Location     Type
  length          1   25[BANK1 ] unsigned char 
 Return value:  Size  Location     Type
                  1    wreg      char 
 Registers used:
		wreg, fsr1l, fsr1h, fsr2l, fsr2h, status,2, status,0, prodl, prodh, cstack
 Tracked objects:
		On entry : 
		On exit  : 
		Unchanged: 
 Data sizes:     COMRAM   BANK0   BANK1   BANK2   BANK3
      Params:         0       0       3       0       0
      Locals:         0       0       1       0       0
      Temps:          0       0       0       0       0
      Totals:         0       0       4       0       0
Total ram usage:        4 bytes
 Hardware stack levels used:    1
 Hardware stack levels required when called:   12
 This function calls:
		_send_msg
 This function is called by:
		_timer1_lthread
 This function uses a non-reentrant model


 *************** function _timer0_lthread *****************
 Defined at:
		line 9 in file "../src/timer0_thread.c"
 Parameters:    Size  Location     Type
  tptr            2    0[BANK1 ] PTR struct __timer0_thre
		 -> main@t0thread_data(2), 
  msgtype         2    2[BANK1 ] int 
  length          2    4[BANK1 ] int 
  msgbuffer       2    6[BANK1 ] PTR unsigned char 
		 -> main@msgbuffer(11), 
 Auto vars:     Size  Location     Type
  msgval          2    8[BANK1 ] PTR unsigned int 
		 -> main@msgbuffer(11), 
 Return value:  Size  Location     Type
                  2    0[BANK1 ] int 
 Registers used:
		wreg, status,2, status,0
 Tracked objects:
		On entry : 
		On exit  : 
		Unchanged: 
 Data sizes:     COMRAM   BANK0   BANK1   BANK2   BANK3
      Params:         0       0       8       0       0
      Locals:         0       0       2       0       0
      Temps:          0       0       0       0       0
      Totals:         0       0      10       0       0
Total ram usage:       10 bytes
 Hardware stack levels used:    1
 Hardware stack levels required when called:   10
 This function calls:
		Nothing
 This function is called by:
		_main
 This function uses a non-reentrant model


 *************** function _init_uart_recv *****************
 Defined at:
		line 252 in file "../src/my_uart.c"
 Parameters:    Size  Location     Type
  uc              2    0[BANK1 ] PTR struct __uart_comm
		 -> main@uc(23), 
 Auto vars:     Size  Location     Type
		None
 Return value:  Size  Location     Type
		None               void
 Registers used:
		wreg, fsr2l, fsr2h, status,2, status,0
 Tracked objects:
		On entry : 
		On exit  : 
		Unchanged: 
 Data sizes:     COMRAM   BANK0   BANK1   BANK2   BANK3
      Params:         0       0       2       0       0
      Locals:         0       0       0       0       0
      Temps:          0       0       0       0       0
      Totals:         0       0       2       0       0
Total ram usage:        2 bytes
 Hardware stack levels used:    1
 Hardware stack levels required when called:   10
 This function calls:
		Nothing
 This function is called by:
		_main
 This function uses a non-reentrant model


 *************** function _init_timer1_lthread *****************
 Defined at:
		line 6 in file "../src/timer1_thread.c"
 Parameters:    Size  Location     Type
  tptr            2    0[BANK1 ] PTR struct __timer1_thre
		 -> main@t1thread_data(2), 
 Auto vars:     Size  Location     Type
		None
 Return value:  Size  Location     Type
		None               void
 Registers used:
		wreg, fsr2l, fsr2h
 Tracked objects:
		On entry : 
		On exit  : 
		Unchanged: 
 Data sizes:     COMRAM   BANK0   BANK1   BANK2   BANK3
      Params:         0       0       2       0       0
      Locals:         0       0       0       0       0
      Temps:          0       0       0       0       0
      Totals:         0       0       2       0       0
Total ram usage:        2 bytes
 Hardware stack levels used:    1
 Hardware stack levels required when called:   10
 This function calls:
		Nothing
 This function is called by:
		_main
 This function uses a non-reentrant model


 *************** function _init_queues *****************
 Defined at:
		line 194 in file "../src/messages.c"
 Parameters:    Size  Location     Type
		None
 Auto vars:     Size  Location     Type
		None
 Return value:  Size  Location     Type
		None               void
 Registers used:
		wreg, fsr2l, fsr2h, status,2, status,0, prodl, prodh, cstack
 Tracked objects:
		On entry : 
		On exit  : 
		Unchanged: 
 Data sizes:     COMRAM   BANK0   BANK1   BANK2   BANK3
      Params:         0       0       0       0       0
      Locals:         0       0       0       0       0
      Temps:          0       0       1       0       0
      Totals:         0       0       1       0       0
Total ram usage:        1 bytes
 Hardware stack levels used:    1
 Hardware stack levels required when called:   11
 This function calls:
		_init_queue
 This function is called by:
		_main
 This function uses a non-reentrant model


 *************** function _init_queue *****************
 Defined at:
		line 14 in file "../src/messages.c"
 Parameters:    Size  Location     Type
  qptr            2    0[BANK1 ] PTR struct __msg_queue
		 -> FromMainHigh_MQ(54), FromMainLow_MQ(54), ToMainHigh_MQ(54), ToMainLow_MQ(54), 
 Auto vars:     Size  Location     Type
  i               1    3[BANK1 ] unsigned char 
 Return value:  Size  Location     Type
		None               void
 Registers used:
		wreg, fsr2l, fsr2h, status,2, status,0, prodl, prodh
 Tracked objects:
		On entry : 
		On exit  : 
		Unchanged: 
 Data sizes:     COMRAM   BANK0   BANK1   BANK2   BANK3
      Params:         0       0       2       0       0
      Locals:         0       0       1       0       0
      Temps:          0       0       1       0       0
      Totals:         0       0       4       0       0
Total ram usage:        4 bytes
 Hardware stack levels used:    1
 Hardware stack levels required when called:   10
 This function calls:
		Nothing
 This function is called by:
		_init_queues
 This function uses a non-reentrant model


 *************** function _init_i2c *****************
 Defined at:
		line 304 in file "../src/my_i2c.c"
 Parameters:    Size  Location     Type
  ic              2    0[BANK1 ] PTR struct __i2c_comm
		 -> main@ic(35), 
 Auto vars:     Size  Location     Type
		None
 Return value:  Size  Location     Type
		None               void
 Registers used:
		wreg, fsr2l, fsr2h, status,2, status,0
 Tracked objects:
		On entry : 
		On exit  : 
		Unchanged: 
 Data sizes:     COMRAM   BANK0   BANK1   BANK2   BANK3
      Params:         0       0       2       0       0
      Locals:         0       0       0       0       0
      Temps:          0       0       0       0       0
      Totals:         0       0       2       0       0
Total ram usage:        2 bytes
 Hardware stack levels used:    1
 Hardware stack levels required when called:   10
 This function calls:
		Nothing
 This function is called by:
		_main
 This function uses a non-reentrant model


 *************** function _i2c_lthread *****************
 Defined at:
		line 12 in file "../src/i2c_thread.c"
 Parameters:    Size  Location     Type
  i2cptr          2   26[BANK1 ] PTR struct __i2c_thread_
		 -> main@i2cthread_data(2), 
  msgtype         2   28[BANK1 ] int 
  length          2   30[BANK1 ] int 
  msgbuffer       2   32[BANK1 ] PTR unsigned char 
		 -> main@msgbuffer(11), 
 Auto vars:     Size  Location     Type
		None
 Return value:  Size  Location     Type
                  2   26[BANK1 ] int 
 Registers used:
		wreg, fsr1l, fsr1h, fsr2l, fsr2h, status,2, status,0, prodl, prodh, cstack
 Tracked objects:
		On entry : 
		On exit  : 
		Unchanged: 
 Data sizes:     COMRAM   BANK0   BANK1   BANK2   BANK3
      Params:         0       0       8       0       0
      Locals:         0       0       0       0       0
      Temps:          0       0       1       0       0
      Totals:         0       0       9       0       0
Total ram usage:        9 bytes
 Hardware stack levels used:    1
 Hardware stack levels required when called:   13
 This function calls:
		_ToMainHigh_sendmsg
		_i2c_master_recv
		_i2c_master_send
 This function is called by:
		_main
 This function uses a non-reentrant model


 *************** function _i2c_master_send *****************
 Defined at:
		line 77 in file "../src/my_i2c.c"
 Parameters:    Size  Location     Type
  length          1    wreg     unsigned char 
  msg             2    0[BANK1 ] PTR unsigned char 
		 -> main@msgbuffer(11), 
 Auto vars:     Size  Location     Type
  length          1    8[BANK1 ] unsigned char 
  i               2    9[BANK1 ] int 
 Return value:  Size  Location     Type
                  1    wreg      unsigned char 
 Registers used:
		wreg, fsr1l, fsr1h, fsr2l, fsr2h, status,2, status,0
 Tracked objects:
		On entry : 
		On exit  : 
		Unchanged: 
 Data sizes:     COMRAM   BANK0   BANK1   BANK2   BANK3
      Params:         0       0       2       0       0
      Locals:         0       0       3       0       0
      Temps:          0       0       6       0       0
      Totals:         0       0      11       0       0
Total ram usage:       11 bytes
 Hardware stack levels used:    1
 Hardware stack levels required when called:   10
 This function calls:
		Nothing
 This function is called by:
		_i2c_lthread
 This function uses a non-reentrant model


 *************** function _i2c_master_recv *****************
 Defined at:
		line 121 in file "../src/my_i2c.c"
 Parameters:    Size  Location     Type
  length          1    wreg     unsigned char 
 Auto vars:     Size  Location     Type
  length          1    0[BANK1 ] unsigned char 
 Return value:  Size  Location     Type
                  1    wreg      unsigned char 
 Registers used:
		wreg, fsr1l, fsr1h, fsr2l, fsr2h, status,2, status,0
 Tracked objects:
		On entry : 
		On exit  : 
		Unchanged: 
 Data sizes:     COMRAM   BANK0   BANK1   BANK2   BANK3
      Params:         0       0       0       0       0
      Locals:         0       0       1       0       0
      Temps:          0       0       0       0       0
      Totals:         0       0       1       0       0
Total ram usage:        1 bytes
 Hardware stack levels used:    1
 Hardware stack levels required when called:   10
 This function calls:
		Nothing
 This function is called by:
		_i2c_lthread
 This function uses a non-reentrant model


 *************** function _ToMainHigh_sendmsg *****************
 Defined at:
		line 126 in file "../src/messages.c"
 Parameters:    Size  Location     Type
  length          1    wreg     unsigned char 
  msgtype         1   22[BANK1 ] unsigned char 
  data            2   23[BANK1 ] PTR void 
		 -> timer0_int_handler@val(2), NULL(0), main@msgbuffer(11), main@uc(23), 
 Auto vars:     Size  Location     Type
  length          1   25[BANK1 ] unsigned char 
 Return value:  Size  Location     Type
                  1    wreg      char 
 Registers used:
		wreg, fsr1l, fsr1h, fsr2l, fsr2h, status,2, status,0, prodl, prodh, cstack
 Tracked objects:
		On entry : 
		On exit  : 
		Unchanged: 
 Data sizes:     COMRAM   BANK0   BANK1   BANK2   BANK3
      Params:         0       0       3       0       0
      Locals:         0       0       1       0       0
      Temps:          0       0       0       0       0
      Totals:         0       0       4       0       0
Total ram usage:        4 bytes
 Hardware stack levels used:    1
 Hardware stack levels required when called:   12
 This function calls:
		_send_msg
 This function is called by:
		_i2c_lthread
 This function uses a non-reentrant model


 *************** function _send_msg *****************
 Defined at:
		line 24 in file "../src/messages.c"
 Parameters:    Size  Location     Type
  qptr            2   10[BANK1 ] PTR struct __msg_queue
		 -> FromMainHigh_MQ(54), FromMainLow_MQ(54), ToMainHigh_MQ(54), ToMainLow_MQ(54), 
  length          1   12[BANK1 ] unsigned char 
  msgtype         1   13[BANK1 ] unsigned char 
  data            2   14[BANK1 ] PTR void 
		 -> timer0_int_handler@val(2), NULL(0), main@msgbuffer(11), main@t1thread_data(2), 
		 -> main@uc(23), 
 Auto vars:     Size  Location     Type
  qmsg            2   20[BANK1 ] PTR struct __msg
		 -> FromMainLow_MQ.queue(52), FromMainHigh_MQ.queue(52), ToMainHigh_MQ.queue(52), ToMainLow_MQ.queue(52), 
		 -> FromMainHigh_MQ(54), FromMainLow_MQ(54), ToMainHigh_MQ(54), ToMainLow_MQ(54), 
  tlength         2   17[BANK1 ] unsigned int 
  slot            1   19[BANK1 ] unsigned char 
 Return value:  Size  Location     Type
                  1    wreg      char 
 Registers used:
		wreg, fsr1l, fsr1h, fsr2l, fsr2h, status,2, status,0, prodl, prodh, cstack
 Tracked objects:
		On entry : 
		On exit  : 
		Unchanged: 
 Data sizes:     COMRAM   BANK0   BANK1   BANK2   BANK3
      Params:         0       0       6       0       0
      Locals:         0       0       5       0       0
      Temps:          0       0       1       0       0
      Totals:         0       0      12       0       0
Total ram usage:       12 bytes
 Hardware stack levels used:    1
 Hardware stack levels required when called:   11
 This function calls:
		_memcpy
 This function is called by:
		_ToMainHigh_sendmsg
		_FromMainHigh_sendmsg
		_FromMainLow_sendmsg
 This function uses a non-reentrant model


 *************** function _i2c_configure_master *****************
 Defined at:
		line 50 in file "../src/my_i2c.c"
 Parameters:    Size  Location     Type
  slave_addr      1    wreg     unsigned char 
 Auto vars:     Size  Location     Type
  slave_addr      1    0[BANK1 ] unsigned char 
 Return value:  Size  Location     Type
		None               void
 Registers used:
		wreg, fsr2l, fsr2h, status,2, status,0
 Tracked objects:
		On entry : 
		On exit  : 
		Unchanged: 
 Data sizes:     COMRAM   BANK0   BANK1   BANK2   BANK3
      Params:         0       0       0       0       0
      Locals:         0       0       1       0       0
      Temps:          0       0       0       0       0
      Totals:         0       0       1       0       0
Total ram usage:        1 bytes
 Hardware stack levels used:    1
 Hardware stack levels required when called:   10
 This function calls:
		Nothing
 This function is called by:
		_main
 This function uses a non-reentrant model


 *************** function _enable_interrupts *****************
 Defined at:
		line 16 in file "../src/interrupts.c"
 Parameters:    Size  Location     Type
		None
 Auto vars:     Size  Location     Type
		None
 Return value:  Size  Location     Type
		None               void
 Registers used:
		None
 Tracked objects:
		On entry : 
		On exit  : 
		Unchanged: 
 Data sizes:     COMRAM   BANK0   BANK1   BANK2   BANK3
[...]
                  1    wreg      char 
 Registers used:
		wreg, fsr1l, fsr1h, fsr2l, fsr2h, status,2, status,0, prodl, prodh, cstack
 Tracked objects:
		On entry : 
		On exit  : 
		Unchanged: 
 Data sizes:     COMRAM   BANK0   BANK1   BANK2   BANK3
      Params:         0       6       0       0       0
      Locals:         0       5       0       0       0
      Temps:          0       1       0       0       0
      Totals:         0      12       0       0       0
Total ram usage:       12 bytes
 Hardware stack levels used:    1
 Hardware stack levels required when called:    1
 This function calls:
		i2_memcpy
 This function is called by:
		i2_ToMainHigh_sendmsg
 This function uses a non-reentrant model


 *************** function _WriteTimer0 *****************
 Defined at:
		line 16 in file "C:\Program Files (x86)\Microchip\xc8\v1.30\sources\pic18\plib\Timers\t0write.c"
 Parameters:    Size  Location     Type
  timer0          2    0[BANK0 ] unsigned int 
 Auto vars:     Size  Location     Type
  timer           2    2[BANK0 ] struct Timers
 Return value:  Size  Location     Type
		None               void
 Registers used:
		None
 Tracked objects:
		On entry : 
		On exit  : 
		Unchanged: 
 Data sizes:     COMRAM   BANK0   BANK1   BANK2   BANK3
      Params:         0       2       0       0       0
      Locals:         0       2       0       0       0
      Temps:          0       0       0       0       0
      Totals:         0       4       0       0       0
Total ram usage:        4 bytes
 Hardware stack levels used:    1
 This function calls:
		Nothing
 This function is called by:
		_timer0_int_handler
 This function uses a non-reentrant model


 *************** function _FromMainHigh_recvmsg *****************
 Defined at:
		line 183 in file "../src/messages.c"
 Parameters:    Size  Location     Type
  maxlength       1    wreg     unsigned char 
  msgtype         2   24[BANK0 ] PTR unsigned char 
		 -> timer0_int_handler@msgtype(2), 
  data            2   26[BANK0 ] PTR void 
		 -> timer0_int_handler@val(2), 
 Auto vars:     Size  Location     Type
  maxlength       1   28[BANK0 ] unsigned char 
 Return value:  Size  Location     Type
                  1    wreg      char 
 Registers used:
		wreg, fsr1l, fsr1h, fsr2l, fsr2h, status,2, status,0, prodl, prodh, cstack
 Tracked objects:
		On entry : 
		On exit  : 
		Unchanged: 
 Data sizes:     COMRAM   BANK0   BANK1   BANK2   BANK3
      Params:         0       4       0       0       0
      Locals:         0       1       0       0       0
      Temps:          0       0       0       0       0
      Totals:         0       5       0       0       0
Total ram usage:        5 bytes
 Hardware stack levels used:    1
 Hardware stack levels required when called:    2
 This function calls:
		i2_recv_msg
 This function is called by:
		_timer0_int_handler
 This function uses a non-reentrant model


 *************** function i2_recv_msg *****************
 Defined at:
		line 63 in file "../src/messages.c"
 Parameters:    Size  Location     Type
  qptr            2   10[BANK0 ] PTR struct __msg_queue
		 -> FromMainHigh_MQ(54), FromMainLow_MQ(54), ToMainHigh_MQ(54), ToMainLow_MQ(54), 
  maxlength       1   12[BANK0 ] unsigned char 
  msgtype         2   13[BANK0 ] PTR unsigned char 
		 -> timer0_int_handler@msgtype(2), main@msgtype(1), 
  data            2   15[BANK0 ] PTR void 
		 -> timer0_int_handler@val(2), main@msgbuffer(11), 
 Auto vars:     Size  Location     Type
  recv_msg        2   22[BANK0 ] PTR struct __msg
		 -> FromMainLow_MQ.queue(52), FromMainHigh_MQ.queue(52), ToMainHigh_MQ.queue(52), ToMainLow_MQ.queue(52), 
		 -> FromMainHigh_MQ(54), FromMainLow_MQ(54), ToMainHigh_MQ(54), ToMainLow_MQ(54), 
  recv_msg        2   20[BANK0 ] unsigned int 
  recv_msg        1   19[BANK0 ] unsigned char 
 Return value:  Size  Location     Type
                  1    wreg      char 
 Registers used:
		wreg, fsr1l, fsr1h, fsr2l, fsr2h, status,2, status,0, prodl, prodh, cstack
 Tracked objects:
		On entry : 
		On exit  : 
		Unchanged: 
 Data sizes:     COMRAM   BANK0   BANK1   BANK2   BANK3
      Params:         0       7       0       0       0
      Locals:         0       5       0       0       0
      Temps:          0       2       0       0       0
      Totals:         0      14       0       0       0
Total ram usage:       14 bytes
 Hardware stack levels used:    1
 Hardware stack levels required when called:    1
 This function calls:
		i2_memcpy
 This function is called by:
		_FromMainHigh_recvmsg
 This function uses a non-reentrant model


 *************** function i2_memcpy *****************
 Defined at:
		line 11 in file "C:\Program Files (x86)\Microchip\xc8\v1.30\sources\common\memcpy.c"
 Parameters:    Size  Location     Type
  d1              2    0[BANK0 ] PTR void 
		 -> FromMainLow_MQ.queue(52), FromMainHigh_MQ.queue(52), ToMainHigh_MQ.queue(52), ToMainLow_MQ.queue(52), 
		 -> timer0_int_handler@val(2), FromMainHigh_MQ(54), FromMainLow_MQ(54), ToMainHigh_MQ(54), 
		 -> ToMainLow_MQ(54), main@msgbuffer(11), 
  s1              2    2[BANK0 ] PTR const void 
		 -> ToMainLow_MQ.data(10), ToMainHigh_MQ.data(10), FromMainLow_MQ.data(10), FromMainHigh_MQ.data(10), 
		 -> ToMainLow_MQ.queue.data(10), ToMainHigh_MQ.queue.data(10), FromMainHigh_MQ.queue.data(10), FromMainLow_MQ.queue.data(10), 
		 -> timer0_int_handler@val(2), NULL(0), FromMainHigh_MQ(54), FromMainLow_MQ(54), 
		 -> ToMainHigh_MQ(54), ToMainLow_MQ(54), main@msgbuffer(11), main@t1thread_data(2), 
		 -> main@uc(23), 
  n               2    4[BANK0 ] unsigned int 
 Auto vars:     Size  Location     Type
  memcpy          2    8[BANK0 ] PTR const unsigned char 
		 -> ToMainLow_MQ.data(10), ToMainHigh_MQ.data(10), FromMainLow_MQ.data(10), FromMainHigh_MQ.data(10), 
		 -> ToMainLow_MQ.queue.data(10), ToMainHigh_MQ.queue.data(10), FromMainHigh_MQ.queue.data(10), FromMainLow_MQ.queue.data(10), 
		 -> timer0_int_handler@val(2), NULL(0), FromMainHigh_MQ(54), FromMainLow_MQ(54), 
		 -> ToMainHigh_MQ(54), ToMainLow_MQ(54), main@msgbuffer(11), main@t1thread_data(2), 
		 -> main@uc(23), 
  memcpy          2    6[BANK0 ] PTR unsigned char 
		 -> FromMainLow_MQ.queue(52), FromMainHigh_MQ.queue(52), ToMainHigh_MQ.queue(52), ToMainLow_MQ.queue(52), 
		 -> timer0_int_handler@val(2), FromMainHigh_MQ(54), FromMainLow_MQ(54), ToMainHigh_MQ(54), 
		 -> ToMainLow_MQ(54), main@msgbuffer(11), 
 Return value:  Size  Location     Type
                  2    0[BANK0 ] PTR void 
 Registers used:
		wreg, fsr1l, fsr1h, fsr2l, fsr2h, status,2, status,0
 Tracked objects:
		On entry : 
		On exit  : 
		Unchanged: 
 Data sizes:     COMRAM   BANK0   BANK1   BANK2   BANK3
      Params:         0       6       0       0       0
      Locals:         0       4       0       0       0
      Temps:          0       0       0       0       0
      Totals:         0      10       0       0       0
Total ram usage:       10 bytes
 Hardware stack levels used:    1
 This function calls:
		Nothing
 This function is called by:
		i2_send_msg
		i2_recv_msg
 This function uses a non-reentrant model


 *************** function _i2c_int_handler *****************
 Defined at:
		line 145 in file "../src/my_i2c.c"
 Parameters:    Size  Location     Type
		None
 Auto vars:     Size  Location     Type
		None
 Return value:  Size  Location     Type
		None               void
 Registers used:
		wreg, fsr2l, fsr2h, status,2, status,0, prodl, prodh, cstack
 Tracked objects:
		On entry : 
		On exit  : 
		Unchanged: 
 Data sizes:     COMRAM   BANK0   BANK1   BANK2   BANK3
      Params:         0       0       0       0       0
      Locals:         0       0       0       0       0
      Temps:          0       0       0       0       0
      Totals:         0       0       0       0       0
Total ram usage:        0 bytes
 Hardware stack levels used:    1
 Hardware stack levels required when called:    1
 This function calls:
		_i2c_int_handler_master_rx
		_i2c_int_handler_master_tx
 This function is called by:
		_InterruptHandlerHigh
 This function uses a non-reentrant model


 *************** function _i2c_int_handler_master_tx *****************
 Defined at:
		line 231 in file "../src/my_i2c.c"
 Parameters:    Size  Location     Type
		None
 Auto vars:     Size  Location     Type
		None
 Return value:  Size  Location     Type
		None               void
 Registers used:
		wreg, fsr2l, fsr2h, status,2, status,0, prodl, prodh
 Tracked objects:
		On entry : 
		On exit  : 
		Unchanged: 
 Data sizes:     COMRAM   BANK0   BANK1   BANK2   BANK3
      Params:         0       0       0       0       0
      Locals:         0       0       0       0       0
      Temps:          0       4       0       0       0
      Totals:         0       4       0       0       0
Total ram usage:        4 bytes
 Hardware stack levels used:    1
 This function calls:
		Nothing
 This function is called by:
		_i2c_int_handler
 This function uses a non-reentrant model


 *************** function _i2c_int_handler_master_rx *****************
 Defined at:
		line 154 in file "../src/my_i2c.c"
 Parameters:    Size  Location     Type
		None
 Auto vars:     Size  Location     Type
		None
 Return value:  Size  Location     Type
		None               void
 Registers used:
		wreg, fsr2l, fsr2h, status,2, status,0
 Tracked objects:
		On entry : 
		On exit  : 
		Unchanged: 
 Data sizes:     COMRAM   BANK0   BANK1   BANK2   BANK3
      Params:         0       0       0       0       0
      Locals:         0       0       0       0       0
      Temps:          0       4       0       0       0
      Totals:         0       4       0       0       0
Total ram usage:        4 bytes
 Hardware stack levels used:    1
 This function calls:
		Nothing
 This function is called by:
		_i2c_int_handler
 This function uses a non-reentrant model


 *************** function _SleepIfOkay *****************
 Defined at:
		line 228 in file "../src/messages.c"
 Parameters:    Size  Location     Type
		None
 Auto vars:     Size  Location     Type
		None
 Return value:  Size  Location     Type
		None               void
 Registers used:
		wreg, fsr2l, fsr2h, status,2, status,0, prodl, prodh, cstack
 Tracked objects:
		On entry : 
		On exit  : 
		Unchanged: 
 Data sizes:     COMRAM   BANK0   BANK1   BANK2   BANK3
      Params:         0       0       0       0       0
      Locals:         0       0       0       0       0
      Temps:          0       0       0       0       0
      Totals:         0       0       0       0       0
Total ram usage:        0 bytes
 Hardware stack levels used:    1
 Hardware stack levels required when called:    2
 This function calls:
		_enter_sleep_mode
		i2_check_msg
		i2_in_high_int
		i2_in_low_int
 This function is called by:
		_InterruptHandlerHigh
 This function uses a non-reentrant model


 *************** function i2_in_low_int *****************
 Defined at:
		line 33 in file "../src/interrupts.c"
 Parameters:    Size  Location     Type
		None
 Auto vars:     Size  Location     Type
		None
 Return value:  Size  Location     Type
                  2    2[BANK0 ] int 
 Registers used:
		wreg, status,2, status,0, cstack
 Tracked objects:
		On entry : 
		On exit  : 
		Unchanged: 
 Data sizes:     COMRAM   BANK0   BANK1   BANK2   BANK3
      Params:         0       2       0       0       0
      Locals:         0       0       0       0       0
      Temps:          0       0       0       0       0
      Totals:         0       2       0       0       0
Total ram usage:        2 bytes
 Hardware stack levels used:    1
 Hardware stack levels required when called:    1
 This function calls:
		i2_in_high_int
 This function is called by:
		_SleepIfOkay
 This function uses a non-reentrant model


 *************** function i2_in_high_int *****************
 Defined at:
		line 24 in file "../src/interrupts.c"
 Parameters:    Size  Location     Type
		None
 Auto vars:     Size  Location     Type
		None
 Return value:  Size  Location     Type
                  2    0[BANK0 ] int 
 Registers used:
		wreg, status,2
 Tracked objects:
		On entry : 
		On exit  : 
		Unchanged: 
 Data sizes:     COMRAM   BANK0   BANK1   BANK2   BANK3
      Params:         0       2       0       0       0
      Locals:         0       0       0       0       0
      Temps:          0       0       0       0       0
      Totals:         0       2       0       0       0
Total ram usage:        2 bytes
 Hardware stack levels used:    1
 This function calls:
		Nothing
 This function is called by:
		_SleepIfOkay
		i2_in_low_int
 This function uses a non-reentrant model


 *************** function i2_check_msg *****************
 Defined at:
		line 222 in file "../src/messages.c"
 Parameters:    Size  Location     Type
  qptr            2    0[BANK0 ] PTR struct __msg_queue
		 -> ToMainHigh_MQ(54), ToMainLow_MQ(54), 
 Auto vars:     Size  Location     Type
		None
 Return value:  Size  Location     Type
                  1    wreg      unsigned char 
 Registers used:
		wreg, fsr2l, fsr2h, status,2, status,0, prodl, prodh
 Tracked objects:
		On entry : 
		On exit  : 
		Unchanged: 
 Data sizes:     COMRAM   BANK0   BANK1   BANK2   BANK3
      Params:         0       2       0       0       0
      Locals:         0       0       0       0       0
      Temps:          0       1       0       0       0
      Totals:         0       3       0       0       0
Total ram usage:        3 bytes
 Hardware stack levels used:    1
 This function calls:
		Nothing
 This function is called by:
		_SleepIfOkay
 This function uses a non-reentrant model


 *************** function _enter_sleep_mode *****************
 Defined at:
		line 202 in file "../src/messages.c"
 Parameters:    Size  Location     Type
		None
 Auto vars:     Size  Location     Type
		None
 Return value:  Size  Location     Type
		None               void
 Registers used:
		None
 Tracked objects:
		On entry : 
		On exit  : 
		Unchanged: 
 Data sizes:     COMRAM   BANK0   BANK1   BANK2   BANK3
      Params:         0       0       0       0       0
      Locals:         0       0       0       0       0
      Temps:          0       0       0       0       0
      Totals:         0       0       0       0       0
Total ram usage:        0 bytes
 Hardware stack levels used:    1
 This function calls:
		Nothing
 This function is called by:
		_SleepIfOkay
 This function uses a non-reentrant model



MODULE INFORMATION

Module		Function		Class		Link	Load	Size
C:\Program Files (x86)\Microchip\xc8\v1.30\sources\pic18\plib\Timers\t0write.c
		_WriteTimer0   		CODE           	1FAA	0000	18

C:\Program Files (x86)\Microchip\xc8\v1.30\sources\pic18\plib\Timers\t0write.c estimated size: 18

C:\Program Files (x86)\Microchip\xc8\v1.30\sources\pic18\plib\Timers\t1write.c
		_WriteTimer1   		CODE           	1F86	0000	18

C:\Program Files (x86)\Microchip\xc8\v1.30\sources\pic18\plib\Timers\t1write.c estimated size: 18

C:\Program Files (x86)\Microchip\xc8\v1.30\sources\pic18\plib\Timers\t1read.c
		_ReadTimer1    		CODE           	1F98	0000	18

C:\Program Files (x86)\Microchip\xc8\v1.30\sources\pic18\plib\Timers\t1read.c estimated size: 18

../src/user_interrupts.c
		_timer0_int_han		CODE           	14EC	0000	138
		_timer1_int_han		CODE           	1E36	0000	48

../src/user_interrupts.c estimated size: 186

../src/i2c_thread.c
		_i2c_lthread   		CODE           	11B4	0000	216

../src/i2c_thread.c estimated size: 216

../src/timer0_thread.c
		_timer0_lthread		CODE           	1F50	0000	18

../src/timer0_thread.c estimated size: 18

shared
		i1_send_msg    		CODE           	128C	0000	170
		i2_send_msg    		CODE           	0FCE	0000	260
		i1_ToMainHigh_s		CODE           	1EBE	0000	38
		i2_ToMainHigh_s		CODE           	1DCA	0000	54
		i2_in_high_int 		CODE           	1FBC	0000	18
		i2_recv_msg    		CODE           	0D94	0000	310
		__initializatio		CODE           	1CB6	0000	48
		i2_in_low_int  		CODE           	1AA8	0000	70
		i1_memcpy      		CODE           	1C3A	0000	64
		i2_memcpy      		CODE           	1A04	0000	94
		i2_check_msg   		CODE           	1E00	0000	54

shared estimated size: 1180

../src/timer1_thread.c
		_timer1_lthread		CODE           	17F0	0000	114
		_init_timer1_lt		CODE           	1F62	0000	18

../src/timer1_thread.c estimated size: 132

../src/my_i2c.c
		_i2c_master_sen		CODE           	0ABA	0000	420
		_i2c_master_rec		CODE           	10D2	0000	226
		_i2c_configure_		CODE           	1B32	0000	66
		_i2c_int_handle		CODE           	08FE	0000	444
		_i2c_int_handle		CODE           	06E0	0000	542
		_init_i2c      		CODE           	15F8	0000	128
		_i2c_int_handle		CODE           	18D0	0000	108

../src/my_i2c.c estimated size: 1934

C:\Program Files (x86)\Microchip\xc8\v1.30\sources\pic18\plib\USART\uread.c
		_ReadUSART     		CODE           	1F08	0000	30

C:\Program Files (x86)\Microchip\xc8\v1.30\sources\pic18\plib\USART\uread.c estimated size: 30

C:\Program Files (x86)\Microchip\xc8\v1.30\sources\pic18\plib\Timers\t0open.c
		_OpenTimer0    		CODE           	1E94	0000	42

C:\Program Files (x86)\Microchip\xc8\v1.30\sources\pic18\plib\Timers\t0open.c estimated size: 42

C:\Program Files (x86)\Microchip\xc8\v1.30\sources\pic18\plib\Timers\t1open.c
		_OpenTimer1    		CODE           	1CF0	0000	56

C:\Program Files (x86)\Microchip\xc8\v1.30\sources\pic18\plib\Timers\t1open.c estimated size: 56

../src/uart_thread.c
		_uart_lthread  		CODE           	1C7A	0000	60

../src/uart_thread.c estimated size: 60

C:\Program Files (x86)\Microchip\xc8\v1.30\sources\pic18\d1ktcyx.c
		_Delay1KTCYx   		CODE           	1F26	0000	22

C:\Program Files (x86)\Microchip\xc8\v1.30\sources\pic18\d1ktcyx.c estimated size: 22

../src/interrupts.c
		_enable_interru		CODE           	1FCE	0000	8
		_in_low_int    		CODE           	1A62	0000	70
		_in_main       		CODE           	1AEE	0000	68
		_in_high_int   		CODE           	1F74	0000	18
		_InterruptHandl		CODE           	0018	0000	168
		_InterruptHandl		CODE           	0008	0000	5616

../src/interrupts.c estimated size: 5948

C:\Program Files (x86)\Microchip\xc8\v1.30\sources\common\memcpy.c
		_memcpy        		CODE           	19A6	0000	94

C:\Program Files (x86)\Microchip\xc8\v1.30\sources\common\memcpy.c estimated size: 94

C:\Program Files (x86)\Microchip\xc8\v1.30\sources\pic18\plib\USART\uwrite.c
		_WriteUSART    		CODE           	1F3C	0000	20

C:\Program Files (x86)\Microchip\xc8\v1.30\sources\pic18\plib\USART\uwrite.c estimated size: 20

../src/my_uart.c
		_uart_send_int_		CODE           	1678	0000	128
		_init_uart_recv		CODE           	1E66	0000	46
		_uart_recv_int_		CODE           	0418	0000	712
		_uart_retrieve_		CODE           	1336	0000	154

../src/my_uart.c estimated size: 1040

C:\Program Files (x86)\Microchip\xc8\v1.30\sources\pic18\plib\USART\uopen.c
		_OpenUSART     		CODE           	13D0	0000	146

C:\Program Files (x86)\Microchip\xc8\v1.30\sources\pic18\plib\USART\uopen.c estimated size: 146

../src/messages.c
		_ToMainHigh_sen		CODE           	1D5E	0000	54
		_ToMainHigh_rec		CODE           	1BB6	0000	66
		_block_on_To_ms		CODE           	16F8	0000	126
		_check_msg     		CODE           	1D94	0000	54
		_ToMainLow_send		CODE           	1EE4	0000	36
		_ToMainLow_recv		CODE           	1B74	0000	66
		_FromMainHigh_s		CODE           	1D28	0000	54
		_enter_sleep_mo		CODE           	1FD6	0000	6
		_send_msg      		CODE           	0ECA	0000	260
		_FromMainHigh_r		CODE           	1BF8	0000	66
		_init_queue    		CODE           	1776	0000	122
		_init_queues   		CODE           	1862	0000	110
		_recv_msg      		CODE           	0C5E	0000	310
		_SleepIfOkay   		CODE           	193C	0000	106

../src/messages.c estimated size: 1436

C:\Program Files (x86)\Microchip\xc8\v1.30\sources\common\lwmod.c
		___lwmod       		CODE           	1462	0000	138

C:\Program Files (x86)\Microchip\xc8\v1.30\sources\common\lwmod.c estimated size: 138

../src/main.c
		_main          		CODE           	00C4	0000	852

../src/main.c estimated size: 852

